// Jest Snapshot v1, https://goo.gl/fbAQLP

exports[`molecules/listItem/WorkoutListItem.vue snapshot 1`] = `"<div tabindex=\\"-1\\" class=\\"v-list-item theme--light\\"><div class=\\"v-list-item__action\\"><div class=\\"icon active\\"><span>1</span></div></div> <div class=\\"v-list-item__content\\"><div class=\\"v-list-item__title\\">Test</div></div></div>"`;
