// Jest Snapshot v1, https://goo.gl/fbAQLP

exports[`organisms/DialogToolbar.vue snapshot 1`] = `"<header class=\\"v-sheet v-sheet--tile theme--dark v-toolbar\\" style=\\"height: 64px; background-color: rgb(0, 150, 136); border-color: #009688;\\"><div class=\\"v-toolbar__content\\" style=\\"height: 64px;\\"><button type=\\"button\\" class=\\"v-btn v-btn--flat v-btn--icon v-btn--round theme--dark v-size--default\\"><span class=\\"v-btn__content\\"><i aria-hidden=\\"true\\" class=\\"v-icon notranslate fa fa-arrow-left theme--dark\\"></i></span></button> <div class=\\"v-toolbar__title\\">Workoutsを追加</div> <div class=\\"flex-grow-1\\"></div> <div class=\\"v-toolbar__items\\"><button type=\\"button\\" class=\\"v-btn v-btn--flat v-btn--text theme--dark v-size--default\\"><span class=\\"v-btn__content\\">Clear</span></button></div></div></header>"`;
