// Jest Snapshot v1, https://goo.gl/fbAQLP

exports[`molecules/button/AddButton.vue snapshot 1`] = `"<button type=\\"button\\" class=\\"v-btn v-btn--contained v-btn--fab v-btn--round theme--dark v-size--default\\"><span class=\\"v-btn__content\\"><i aria-hidden=\\"true\\" class=\\"v-icon notranslate fa fa-plus theme--dark\\"></i></span></button>"`;
