// Jest Snapshot v1, https://goo.gl/fbAQLP

exports[`molecules/button/SelectButtton.vue snapshot 1`] = `"<button type=\\"button\\" class=\\"v-btn v-btn--depressed v-btn--fab v-btn--round theme--dark v-size--default red lighten-3\\" number=\\"1\\"><span class=\\"v-btn__content\\"><span></span></span></button>"`;
